Average Voltage (mV),Average Current (pA)
-99.99844,-1015.92573
-79.99876,-919.93682
-59.99907,-725.16638
-39.99938,-415.67351
-19.99969,16.41675
0.00000,553.20870
19.99969,1174.96769
39.99938,1872.08004
59.99907,2647.90969
79.99876,3539.33532
99.99844,4466.11126
