Average Voltage (mV),Average Current (pA)
-99.99844,-101.40017
-79.99876,-121.13313
-59.99907,-125.07094
-39.99938,-104.83442
-19.99969,-63.77517
0.00000,35.54966
19.99969,197.13930
39.99938,411.64437
59.99907,716.98155
79.99876,1110.08440
99.99844,1622.60884
